============================================================
AMNet 图异常检测推理 (CPU版本)
============================================================
使用CPU设备
数据文件: ../data/yelpchi.npz
模型文件: ../models/AMNet/yelpchi/model_exp1_best.pth
输出目录: ./inference_results_yelpchi_cpu
批次大小: 512
分类阈值: 0.5

[测试模式] 只加载数据和模型，不进行推理

[阶段1] 从磁盘加载数据...
从 ../data/yelpchi.npz 加载推理数据...
推理数据加载成功:
  节点数: 45,954, 特征维度: 32
  边数: 2
  测试集大小: 9,191
  类别 0: 39,277 个节点 (85.47%)
  类别 1: 6,677 个节点 (14.53%)

过滤数据，只保留类别0和1的节点...
原始总节点数: 45,954
类别0和1的节点数: 45,954

过滤后数据统计:
  节点数: 45,954
  边数: 2
  测试集大小: 9,191
  类别 0: 39,277 个节点 (85.47%)
  类别 1: 6,677 个节点 (14.53%)
数据加载完成:
  总节点数: 45,954
  测试集节点数: 9,191
数据加载时间: 0.7089 秒

[阶段2] 加载模型...
检查点中的参数: {'data_path': '../data/yelpchi.npz', 'save_dir': '../models/AMNet/yelpchi', 'hidden_channels': 32, 'M': 3, 'K': 2, 'lr': 0.001, 'lr_f': 0.1, 'weight_decay': 0.0005, 'epochs': 50, 'beta': 0.5, 'patience': 50, 'exp_num': 1, 'eval_interval': 10, 'use_class_weight': True, 'seed': 42, 'batch_size': 512}
创建模型参数: in_channels=32, hid_channels=32, K=3, filter_num=2
从 ../models/AMNet/yelpchi/model_exp1_best.pth 加载模型
模型信息: epoch=50, AUC-PR=0.3416, AUC-ROC=0.7405
模型加载时间: 0.8646 秒

数据和模型加载测试完成！
