============================================================
AMNet 图异常检测推理 (CPU版本)
============================================================
使用CPU设备
数据文件: ../data/dgraphfin.npz
模型文件: ../models/AMNet/dgraphfin/model_exp1_best.pth
输出目录: ./inference_results_dgraphfin_cpu
批次大小: 512
分类阈值: 0.5

[测试模式] 只加载数据和模型，不进行推理

[阶段1] 从磁盘加载数据...
从 ../data/dgraphfin.npz 加载推理数据...
推理数据加载成功:
  节点数: 3,700,550, 特征维度: 17
  边数: 2
  测试集大小: 183,840
  类别 0: 1,210,092 个节点 (32.70%)
  类别 1: 15,509 个节点 (0.42%)
  类别 2: 1,620,851 个节点 (43.80%)
  类别 3: 854,098 个节点 (23.08%)

过滤数据，只保留类别0和1的节点...
原始总节点数: 3,700,550
类别0和1的节点数: 1,225,601

过滤后数据统计:
  节点数: 1,225,601
  边数: 0
  测试集大小: 183,840
  类别 0: 1,210,092 个节点 (98.73%)
  类别 1: 15,509 个节点 (1.27%)
数据加载完成:
  总节点数: 1,225,601
  测试集节点数: 183,840
数据加载时间: 1.2542 秒

[阶段2] 加载模型...
检查点中的参数: {'data_path': '../data/dgraphfin.npz', 'save_dir': '../models/AMNet/dgraphfin', 'hidden_channels': 32, 'M': 3, 'K': 2, 'lr': 0.001, 'lr_f': 0.1, 'weight_decay': 0.0005, 'epochs': 10, 'beta': 0.5, 'patience': 50, 'exp_num': 1, 'eval_interval': 10, 'use_class_weight': True, 'seed': 42, 'batch_size': 512}
创建模型参数: in_channels=17, hid_channels=32, K=3, filter_num=2
从 ../models/AMNet/dgraphfin/model_exp1_best.pth 加载模型
模型信息: epoch=10, AUC-PR=0.0196, AUC-ROC=0.6695
模型加载时间: 0.7773 秒

数据和模型加载测试完成！
