============================================================
AMNet 图异常检测推理 (CPU版本)
============================================================
使用CPU设备
数据文件: ../data/dgraphfin.npz
模型文件: ../models/AMNet/dgraphfin/model_exp1_best.pth
输出目录: ./inference_results_dgraphfin_cpu
批次大小: 512
分类阈值: 0.5

[阶段1] 从磁盘加载数据...
从 ../data/dgraphfin.npz 加载推理数据...
推理数据加载成功:
  节点数: 3,700,550, 特征维度: 17
  边数: 2
  测试集大小: 183,840
  类别 0: 1,210,092 个节点 (32.70%)
  类别 1: 15,509 个节点 (0.42%)
  类别 2: 1,620,851 个节点 (43.80%)
  类别 3: 854,098 个节点 (23.08%)

过滤数据，只保留类别0和1的节点...
原始总节点数: 3,700,550
类别0和1的节点数: 1,225,601

过滤后数据统计:
  节点数: 1,225,601
  边数: 0
  测试集大小: 183,840
  类别 0: 1,210,092 个节点 (98.73%)
  类别 1: 15,509 个节点 (1.27%)
数据加载完成:
  总节点数: 1,225,601
  测试集节点数: 183,840
数据加载时间: 1.3665 秒

[阶段2] 加载模型...
检查点中的参数: {'data_path': '../data/dgraphfin.npz', 'save_dir': '../models/AMNet/dgraphfin', 'hidden_channels': 32, 'M': 3, 'K': 2, 'lr': 0.001, 'lr_f': 0.1, 'weight_decay': 0.0005, 'epochs': 10, 'beta': 0.5, 'patience': 50, 'exp_num': 1, 'eval_interval': 10, 'use_class_weight': True, 'seed': 42, 'batch_size': 512}
创建模型参数: in_channels=17, hid_channels=32, K=3, filter_num=2
从 ../models/AMNet/dgraphfin/model_exp1_best.pth 加载模型
模型信息: epoch=10, AUC-PR=0.0196, AUC-ROC=0.6695
模型加载时间: 0.7996 秒

[阶段3] 开始推理...

[阶段4] 推理后处理（不计时）...

=== 推理结果 ===
测试集节点数: 183,840
纯推理时间（模型前向传播）: 676.1440 秒
总推理时间（包含数据传输）: 676.1760 秒
峰值内存: 56.12 MB
平均每个节点推理时间: 3.6779 毫秒

评估指标 (阈值=0.5):
  AUC-ROC: 0.66859
  AUC-PR:  0.01939

混淆矩阵:
          预测正常    预测异常
真实正常      113212       68302
真实异常         745        1581

详细指标:
  准确率: 0.62442
  精确率: 0.02262
  召回率: 0.67971
  F1分数: 0.04379

预测结果已保存到: ./inference_results_dgraphfin_cpu/predictions_20260213_091751.npz
评估结果已保存到: ./inference_results_dgraphfin_cpu/results_20260213_091751.json

预测样本 (前10个测试节点):
节点ID       真实标签       异常概率         预测标签      
---------------------------------------------
8          0          0.445472     0         
21         0          0.174602     0         
27         0          0.460786     0         
37         0          0.539557     1         
46         0          0.545155     1         
55         0          0.550742     1         
56         0          0.372108     0         
59         0          0.444541     0         
64         0          0.399864     0         
66         0          0.550742     1         

=== 执行时间汇总 ===
数据加载时间: 1.3665 秒
模型加载时间: 0.7996 秒
推理时间: 676.1760 秒
总时间: 678.3421 秒
