============================================================
AMNet 图异常检测推理 (CPU版本)
============================================================
使用CPU设备
数据文件: ../data/tfinance.npz
模型文件: ../models/AMNet/tfinance/model_exp1_best.pth
输出目录: ./inference_results_tfinance_cpu
批次大小: 512
分类阈值: 0.5

[阶段1] 从磁盘加载数据...
从 ../data/tfinance.npz 加载推理数据...
推理数据加载成功:
  节点数: 39,357, 特征维度: 10
  边数: 2
  测试集大小: 7,872
  类别 0: 37,553 个节点 (95.42%)
  类别 1: 1,804 个节点 (4.58%)

过滤数据，只保留类别0和1的节点...
原始总节点数: 39,357
类别0和1的节点数: 39,357

过滤后数据统计:
  节点数: 39,357
  边数: 2
  测试集大小: 7,872
  类别 0: 37,553 个节点 (95.42%)
  类别 1: 1,804 个节点 (4.58%)
数据加载完成:
  总节点数: 39,357
  测试集节点数: 7,872
数据加载时间: 1.3685 秒

[阶段2] 加载模型...
检查点中的参数: {'data_path': '../data/tfinance.npz', 'save_dir': '../models/AMNet/tfinance', 'hidden_channels': 32, 'M': 3, 'K': 2, 'lr': 0.001, 'lr_f': 0.1, 'weight_decay': 0.0005, 'epochs': 50, 'beta': 0.5, 'patience': 50, 'exp_num': 1, 'eval_interval': 10, 'use_class_weight': True, 'seed': 42, 'batch_size': 512}
创建模型参数: in_channels=10, hid_channels=32, K=3, filter_num=2
从 ../models/AMNet/tfinance/model_exp1_best.pth 加载模型
模型信息: epoch=34, AUC-PR=0.6955, AUC-ROC=0.9007
模型加载时间: 0.7901 秒

[阶段3] 开始推理...

[阶段4] 推理后处理（不计时）...

=== 推理结果 ===
测试集节点数: 7,872
纯推理时间（模型前向传播）: 17.7328 秒
总推理时间（包含数据传输）: 17.7597 秒
峰值内存: 57.15 MB
平均每个节点推理时间: 2.2526 毫秒

评估指标 (阈值=0.5):
  AUC-ROC: 0.90740
  AUC-PR:  0.74117

混淆矩阵:
          预测正常    预测异常
真实正常        7470          13
真实异常         168         221

详细指标:
  准确率: 0.97701
  精确率: 0.94444
  召回率: 0.56812
  F1分数: 0.70947

预测结果已保存到: ./inference_results_tfinance_cpu/predictions_20260213_090505.npz
评估结果已保存到: ./inference_results_tfinance_cpu/results_20260213_090505.json

预测样本 (前10个测试节点):
节点ID       真实标签       异常概率         预测标签      
---------------------------------------------
9          0          0.000171     0         
11         0          0.065502     0         
15         0          0.000000     0         
24         0          0.000000     0         
27         0          0.000000     0         
29         0          0.000000     0         
35         0          0.000219     0         
40         0          0.000002     0         
41         0          0.000000     0         
42         0          0.000023     0         

=== 执行时间汇总 ===
数据加载时间: 1.3685 秒
模型加载时间: 0.7901 秒
推理时间: 17.7597 秒
总时间: 19.9183 秒
