============================================================
AMNet 图异常检测推理 (CPU版本)
============================================================
使用CPU设备
数据文件: ../data/tfinance.npz
模型文件: ../models/AMNet/tfinance/model_exp1_best.pth
输出目录: ./inference_results_tfinance_cpu
批次大小: 512
分类阈值: 0.5

[测试模式] 只加载数据和模型，不进行推理

[阶段1] 从磁盘加载数据...
从 ../data/tfinance.npz 加载推理数据...
推理数据加载成功:
  节点数: 39,357, 特征维度: 10
  边数: 2
  测试集大小: 7,872
  类别 0: 37,553 个节点 (95.42%)
  类别 1: 1,804 个节点 (4.58%)

过滤数据，只保留类别0和1的节点...
原始总节点数: 39,357
类别0和1的节点数: 39,357

过滤后数据统计:
  节点数: 39,357
  边数: 2
  测试集大小: 7,872
  类别 0: 37,553 个节点 (95.42%)
  类别 1: 1,804 个节点 (4.58%)
数据加载完成:
  总节点数: 39,357
  测试集节点数: 7,872
数据加载时间: 1.3168 秒

[阶段2] 加载模型...
检查点中的参数: {'data_path': '../data/tfinance.npz', 'save_dir': '../models/AMNet/tfinance', 'hidden_channels': 32, 'M': 3, 'K': 2, 'lr': 0.001, 'lr_f': 0.1, 'weight_decay': 0.0005, 'epochs': 50, 'beta': 0.5, 'patience': 50, 'exp_num': 1, 'eval_interval': 10, 'use_class_weight': True, 'seed': 42, 'batch_size': 512}
创建模型参数: in_channels=10, hid_channels=32, K=3, filter_num=2
从 ../models/AMNet/tfinance/model_exp1_best.pth 加载模型
模型信息: epoch=34, AUC-PR=0.6955, AUC-ROC=0.9007
模型加载时间: 0.7498 秒

数据和模型加载测试完成！
