============================================================
AMNet 图异常检测推理 (CPU版本)
============================================================
使用CPU设备
数据文件: ../data/amazon.npz
模型文件: ../models/AMNet/amazon/model_exp1_best.pth
输出目录: ./inference_results_amazon_cpu
批次大小: 512
分类阈值: 0.5

[阶段1] 从磁盘加载数据...
从 ../data/amazon.npz 加载推理数据...
推理数据加载成功:
  节点数: 11,944, 特征维度: 25
  边数: 2
  测试集大小: 2,389
  类别 0: 11,123 个节点 (93.13%)
  类别 1: 821 个节点 (6.87%)

过滤数据，只保留类别0和1的节点...
原始总节点数: 11,944
类别0和1的节点数: 11,944

过滤后数据统计:
  节点数: 11,944
  边数: 2
  测试集大小: 2,389
  类别 0: 11,123 个节点 (93.13%)
  类别 1: 821 个节点 (6.87%)
数据加载完成:
  总节点数: 11,944
  测试集节点数: 2,389
数据加载时间: 0.3530 秒

[阶段2] 加载模型...
检查点中的参数: {'data_path': '../data/amazon.npz', 'save_dir': '../models/AMNet/amazon', 'hidden_channels': 32, 'M': 3, 'K': 2, 'lr': 0.001, 'lr_f': 0.1, 'weight_decay': 0.0005, 'epochs': 50, 'beta': 0.5, 'patience': 50, 'exp_num': 1, 'eval_interval': 10, 'use_class_weight': True, 'seed': 42, 'batch_size': 512}
创建模型参数: in_channels=25, hid_channels=32, K=3, filter_num=2
从 ../models/AMNet/amazon/model_exp1_best.pth 加载模型
模型信息: epoch=50, AUC-PR=0.7673, AUC-ROC=0.8728
模型加载时间: 0.7738 秒

[阶段3] 开始推理...

[阶段4] 推理后处理（不计时）...

=== 推理结果 ===
测试集节点数: 2,389
纯推理时间（模型前向传播）: 4.4531 秒
总推理时间（包含数据传输）: 4.4552 秒
峰值内存: 33.46 MB
平均每个节点推理时间: 1.8640 毫秒

评估指标 (阈值=0.5):
  AUC-ROC: 0.88198
  AUC-PR:  0.78022

混淆矩阵:
          预测正常    预测异常
真实正常        2193          19
真实异常          37         140

详细指标:
  准确率: 0.97656
  精确率: 0.88050
  召回率: 0.79096
  F1分数: 0.83333

预测结果已保存到: ./inference_results_amazon_cpu/predictions_20260213_090138.npz
评估结果已保存到: ./inference_results_amazon_cpu/results_20260213_090138.json

预测样本 (前10个测试节点):
节点ID       真实标签       异常概率         预测标签      
---------------------------------------------
1          0          0.008647     0         
2          0          0.375247     0         
18         0          0.367133     0         
22         0          0.359953     0         
28         0          0.371037     0         
29         0          0.363436     0         
34         0          0.368394     0         
35         0          0.369419     0         
56         0          0.340613     0         
63         0          0.369974     0         

=== 执行时间汇总 ===
数据加载时间: 0.3530 秒
模型加载时间: 0.7738 秒
推理时间: 4.4552 秒
总时间: 5.5820 秒
