============================================================
AMNet 图异常检测推理 (CPU版本)
============================================================
使用CPU设备
数据文件: ../data/amazon.npz
模型文件: ../models/AMNet/amazon/model_exp1_best.pth
输出目录: ./inference_results_amazon_cpu
批次大小: 512
分类阈值: 0.5

[测试模式] 只加载数据和模型，不进行推理

[阶段1] 从磁盘加载数据...
从 ../data/amazon.npz 加载推理数据...
推理数据加载成功:
  节点数: 11,944, 特征维度: 25
  边数: 2
  测试集大小: 2,389
  类别 0: 11,123 个节点 (93.13%)
  类别 1: 821 个节点 (6.87%)

过滤数据，只保留类别0和1的节点...
原始总节点数: 11,944
类别0和1的节点数: 11,944

过滤后数据统计:
  节点数: 11,944
  边数: 2
  测试集大小: 2,389
  类别 0: 11,123 个节点 (93.13%)
  类别 1: 821 个节点 (6.87%)
数据加载完成:
  总节点数: 11,944
  测试集节点数: 2,389
数据加载时间: 0.3545 秒

[阶段2] 加载模型...
检查点中的参数: {'data_path': '../data/amazon.npz', 'save_dir': '../models/AMNet/amazon', 'hidden_channels': 32, 'M': 3, 'K': 2, 'lr': 0.001, 'lr_f': 0.1, 'weight_decay': 0.0005, 'epochs': 50, 'beta': 0.5, 'patience': 50, 'exp_num': 1, 'eval_interval': 10, 'use_class_weight': True, 'seed': 42, 'batch_size': 512}
创建模型参数: in_channels=25, hid_channels=32, K=3, filter_num=2
从 ../models/AMNet/amazon/model_exp1_best.pth 加载模型
模型信息: epoch=50, AUC-PR=0.7673, AUC-ROC=0.8728
模型加载时间: 0.7538 秒

数据和模型加载测试完成！
